// Jest Snapshot v1, https://jestjs.io/docs/snapshot-testing

exports[`User Data from snapshot must match the given user data: two 1`] = `
{
  "address": "Pokhara-31",
  "contact": 9763249991,
  "id": 110,
  "name": "Sushil Tiwari",
  "otherDetails": {
    "employee": true,
    "status": "full time",
  },
}
`;

exports[`User Profile Snapshot should match the initial snapshot: one 1`] = `
{
  "id": 101,
  "name": "Alex Miller",
  "settings": {
    "notifications": true,
    "theme": "dark",
  },
  "timestamp": 2026,
}
`;
